// Jest Snapshot v1, https://goo.gl/fbAQLP

exports[`lib/manager/pipenv/extract extractPackageFile() extracts dependencies 1`] = `
Array [
  Object {
    "currentValue": "==0.3.1",
    "depName": "some-package",
    "depType": "packages",
    "purl": "pkg:pypi/some-package",
    "registryUrls": Array [
      "https://pypi.org/pypi/",
      "http://example.com/private-pypi/",
    ],
    "versionScheme": "pep440",
  },
  Object {
    "currentValue": "==1.0.0",
    "depName": "some-other-package",
    "depType": "packages",
    "purl": "pkg:pypi/some-other-package",
    "registryUrls": Array [
      "https://pypi.org/pypi/",
      "http://example.com/private-pypi/",
    ],
    "versionScheme": "pep440",
  },
  Object {
    "currentValue": "==0.1.0",
    "depName": "dev-package",
    "depType": "dev-packages",
    "purl": "pkg:pypi/dev-package",
    "registryUrls": Array [
      "https://pypi.org/pypi/",
      "http://example.com/private-pypi/",
    ],
    "versionScheme": "pep440",
  },
]
`;

exports[`lib/manager/pipenv/extract extractPackageFile() extracts multiple dependencies 1`] = `
Array [
  Object {
    "currentValue": "==1",
    "depName": "Django",
    "depType": "packages",
    "purl": "pkg:pypi/Django",
    "registryUrls": Array [
      "https://pypi.org/pypi/",
    ],
    "versionScheme": "pep440",
  },
  Object {
    "currentValue": "==0.6.27",
    "depName": "distribute",
    "depType": "packages",
    "purl": "pkg:pypi/distribute",
    "registryUrls": Array [
      "https://pypi.org/pypi/",
    ],
    "versionScheme": "pep440",
  },
  Object {
    "currentValue": "==0.2",
    "depName": "dj-database-url",
    "depType": "packages",
    "purl": "pkg:pypi/dj-database-url",
    "registryUrls": Array [
      "https://pypi.org/pypi/",
    ],
    "versionScheme": "pep440",
  },
  Object {
    "currentValue": "==2.4.5",
    "depName": "psycopg2",
    "depType": "packages",
    "purl": "pkg:pypi/psycopg2",
    "registryUrls": Array [
      "https://pypi.org/pypi/",
    ],
    "versionScheme": "pep440",
  },
  Object {
    "currentValue": "==0.1.2",
    "depName": "wsgiref",
    "depType": "packages",
    "purl": "pkg:pypi/wsgiref",
    "registryUrls": Array [
      "https://pypi.org/pypi/",
    ],
    "versionScheme": "pep440",
  },
]
`;
